warning: Properties5.panda:3:14: property 'silly' had neither a getter or a setter created for it:
    getter not created because an explicit getter was defined at Properties5.panda:5:5
    setter not created because 'silly' is declared @readonly
This declaration is therefore equivalent to 'var _silly:panda.core.Object'
1 warning
