## With Getter ##
no args: 0
three args, nullable start and end: 1
two args, nullable start: 2
three args, nullable start: 3
one arg: 4
three args, nullable end: 5
two args: 6
three args: 7
two args: 6

## Without Getter ##
no args: 0
three args, nullable start and end: 1
two args, nullable start: 2
three args, nullable start: 3
one arg: 4
three args, nullable end: 5
two args: 6
three args: 7
two args: 6

## Multiple Getters ##
three args, nullable start and end: 0
three args, nullable start and end: 1
three args, nullable start and end: 2
three args, nullable start and end: 3
three args, nullable start and end: 4
three args, nullable start and end: 5
three args, nullable start and end: 6
three args, nullable start and end: 7
three args, nullable start and end: 6
