You're in a cave with 20 rooms and 3 tunnels leading from each room.
There are 3 bats and 3 pits scattered throughout the cave, and your
quiver holds 5 custom super anti-evil Wumpus arrows. Good luck.

You are in room 11 of the cave, and have 5 arrows left.
*whoosh* (I feel a draft from some pits).
*sniff* (I can smell the evil Wumpus nearby!)
There are tunnels to rooms 10, 14, and 1.
m<room#> to move, s<room#s> to shoot: 

*Oof!* (You hit the wall)
Your colorful comments awaken the Wumpus!
You are in room 11 of the cave, and have 5 arrows left.
*whoosh* (I feel a draft from some pits).
There are tunnels to rooms 10, 14, and 1.
m<room#> to move, s<room#s> to shoot: 
*thunk*  The arrow can't find a way from 11 to 12 and flies randomly 
into room 14!
You are in room 11 of the cave, and have 4 arrows left.
*whoosh* (I feel a draft from some pits).
There are tunnels to rooms 10, 14, and 1.
m<room#> to move, s<room#s> to shoot: 
I don't understand!
You are in room 11 of the cave, and have 4 arrows left.
*whoosh* (I feel a draft from some pits).
There are tunnels to rooms 10, 14, and 1.
m<room#> to move, s<room#s> to shoot: Care to play another game? (y/n) 