Simple: 42
Multiple: 420, 42
Centered: #39##
Left 1764# Left
    42 Right
Braces! }}}}4}}}}}
Colons! ::colons::
Backslashes! \\\\\true\\\\\\
Format: format
Escaped format: }\:f
}Braces{ { everywhere }!
Field and format: W00T!!!!!!
Internal escapes:
    
newline:'
'

Simple: 42
Multiple: 420, 42
Centered: #39##
Left 1764# Left
    42 Right
Braces! }}}}4}}}}}
Colons! ::colons::
Backslashes! \\\\\true\\\\\\
Format: format
Escaped format: }\:f
}Braces{ { everywhere }!
Field and format: W00T!!!!!!
Internal escapes:
    
newline:'
'

